// Jest Snapshot v1, https://goo.gl/fbAQLP

exports[`<NavBar/> should match a snapshot 1`] = `
<div>
  <nav
    class="hidden fixed z-10  items-center justify-evenly flex-col
            min-h-screen bg-white w-full py-1.5 md:flex md:min-h-0 md:flex-row"
  />
  <div
    class="flex fixed md:hidden mx-auto right-0 p-4 z-30"
  >
    <div
      class="bg-[#0A1128] p-1.5 text-white text-medium cursor-pointer"
    >
      <svg
        fill="currentColor"
        height="1em"
        stroke="currentColor"
        stroke-width="0"
        viewBox="0 0 1024 1024"
        width="1em"
        xmlns="http://www.w3.org/2000/svg"
      >
        <path
          d="M27 193.6c-8.2-8.2-12.2-18.6-12.2-31.2s4-23 12.2-31.2S45.6 119 58.2 119h912.4c12.6 0 23 4 31.2 12.2s12.2 18.6 12.2 31.2-4 23-12.2 31.2-18.6 12.2-31.2 12.2H58.2c-12.6 0-23-4-31.2-12.2zm974.8 285.2c8.2 8.2 12.2 18.6 12.2 31.2s-4 23-12.2 31.2-18.6 12.2-31.2 12.2H58.2c-12.6 0-23-4-31.2-12.2S14.8 522.6 14.8 510s4-23 12.2-31.2 18.6-12.2 31.2-12.2h912.4c12.6 0 23 4 31.2 12.2zm0 347.4c8.2 8.2 12.2 18.6 12.2 31.2s-4 23-12.2 31.2-18.6 12.2-31.2 12.2H58.2c-12.6 0-23-4-31.2-12.2S14.8 870 14.8 857.4s4-23 12.2-31.2S45.6 814 58.2 814h912.4c12.6 0 23 4.2 31.2 12.2z"
        />
      </svg>
    </div>
  </div>
</div>
`;
