// Jest Snapshot v1, https://goo.gl/fbAQLP

exports[`<TextComponent/> should match a snapshot 1`] = `
<p
  class="text-primary font-sans text-small"
>
  text
</p>
`;
